app - some brief description

USAGE: app [OPTIONS...] [OPERANDS...]

Options:
  -c, --choice=value        One of foo,bar,baz,bak. (default: bak)
  -h, --help                Show this help message.
