app - some brief description

USAGE: app [OPTIONS...] [OPERANDS...]

Options:
  -c, --choice=value        Values: a,b,c.
  -h, --help                Show this help message.
