app - some brief description

USAGE: app [OPTIONS...] [OPERANDS...]

Options:
  -c, --choice=value        Valid values: a,b,c.
  -h, --help                Show this help message.
