app - some brief description

USAGE: app [OPTIONS...] [OPERANDS...]

Options:
  -c, --choice=value        Without template.
  -h, --help                Show this help message.
