app - some brief description

USAGE: app [OPTIONS...] [OPERANDS...]

Options:
  -c, --choice [default: bar] (values: foo,bar,baz)
      Values to choose from.

  -h, --help
      Show this help message.
