app - some brief description

USAGE: app [OPTIONS...] COMMAND

this is a very long description

Options:
  -h, --help
      Show this help message.

  -i, --aint (default: 100)
      sets a int value

  -s, --astring (default: somevalue)
      sets a string value

Commands:
  add   Sums two numbers.
  sub   Subtract two numbers.
