app - some brief description

USAGE: app [OPTIONS...] COMMAND

this is a very long description

Options:
  -h, --help                Show this help message.

Commands:
  add   Sums two numbers.
  sub   Subtract two numbers.
