app add deep - A deep subcommand.

USAGE: app add deep [OPERANDS...]

This is a deep subcommand.
