app - some brief description

USAGE: app [OPTIONS...] [OPERANDS...]

this is a very long description

Options:
  -h, --help                Show this help message.
  -i, --aint=int            Sets a int value. (default: 100)
  -s, --astring=string      Sets a string value. (default: somevalue)
