app - some brief description

USAGE: app [OPERANDS...]

this is a very long description
