app - some brief description

USAGE: app [OPTIONS...] [OPERANDS...]

this is a very long description

Options:
  -i, --aint
      sets a int value

  -s, --astring
      sets a string value
