app - some brief description

USAGE: app [OPTIONS...] [OPERANDS...]

this is a very long description

Options:
  --aint
      sets a int value

  -h, --help
      Show this help message.

  -s
      sets a string value
