app add - Sums two numbers.

USAGE: app add [OPTIONS...] [number1 [others...] | COMMAND]

Runs a computation that returns the sum of two specified numbers.

Options:
  -h, --help
      Show this help message.

Commands:
  deep   A deep subcommand.
