app add - Sums two numbers.

USAGE: app add [OPERANDS...]

Runs a computation that returns the sum of two specified numbers.
